// Jest Snapshot v1, https://goo.gl/fbAQLP

exports[`MainSidebar should match, full snapshot 1`] = `
<DrawerLayout
  drawerPosition="left"
  drawerWidth={710}
  isTablet={false}
  onDrawerClose={[Function]}
  onDrawerOpen={[Function]}
  onScrollValueChange={[Function]}
  renderNavigationView={[Function]}
  swiperIndex={1}
  useNativeAnimations={true}
/>
`;
